[32mÔ£ö[39m Select projects [2mÔÇ║[22m barber-saas
[90m  [39m
[32mÔ£ö[39m Scanned 160 files in 3.7s

[1mReact Doctor ÔÇö barber-saas[22m
Score: 32 / 100 Critical

[1m504 issues[22m
Bugs: 24 errors, 130 warnings
Performance: 30 warnings
Maintainability: 41 warnings
Accessibility: 279 warnings

[31mÔ£û Unauthenticated server action can be called directly ├ù24[39m
[90m  react-doctor/server-auth-actions[39m
  src/actions/agenda.ts:20
  src/actions/agenda.ts:132
  src/actions/agenda.ts:188
  src/actions/barbers.ts:30
  src/actions/barbers.ts:90
  src/actions/barbers.ts:123
  src/actions/barbers.ts:141
  src/actions/clients.ts:28
  src/actions/clients.ts:78
  src/actions/clients.ts:108
  src/actions/clients.ts:137
  src/actions/clients.ts:163
  src/actions/inventory.ts:20
  src/actions/inventory.ts:54
  src/actions/inventory.ts:87
  src/actions/inventory.ts:127
  src/actions/reports.ts:394
  src/actions/services.ts:19
  src/actions/services.ts:47
  src/actions/services.ts:79
  src/actions/services.ts:97
  src/actions/services.ts:116
  src/actions/services.ts:137
  src/actions/subscription.ts:19
[33mÔÜá await before an early-return guard ├ù10[39m
[90m  react-doctor/async-defer-await[39m
  src/actions/agenda.ts:21
  src/actions/barbers.ts:31
  src/actions/barbers.ts:91
  src/actions/clients.ts:29
  src/actions/clients.ts:79
  src/actions/clients.ts:164
  src/actions/pos.ts:159
  src/actions/services.ts:20
  src/actions/services.ts:48
  src/actions/subscription.ts:20
[33mÔÜá Blocking side effect before response ├ù3[39m
[90m  react-doctor/server-after-nonblocking[39m
  src/actions/onboarding.ts:23
  src/actions/onboarding.ts:28
  src/actions/whatsapp.ts:38
[33mÔÜá Sequential independent awaits ├ù19[39m
[90m  react-doctor/server-sequential-independent-await[39m
  src/actions/organizations.ts:133
  src/app/admin/page.tsx:23
  src/app/admin/page.tsx:36
  src/app/app/[slug]/agenda/page.tsx:16
  src/app/app/[slug]/agenda/page.tsx:41
  src/app/app/[slug]/barberos/page.tsx:23
  src/app/app/[slug]/caja/page.tsx:26
  src/app/app/[slug]/clientes/page.tsx:26
  src/app/app/[slug]/dashboard/page.tsx:38
  src/app/app/[slug]/dashboard/page.tsx:77
  src/app/app/[slug]/dashboard/page.tsx:95
  src/app/app/[slug]/pos/page.tsx:14
  src/app/app/[slug]/pos/page.tsx:26
  src/app/app/[slug]/pos/page.tsx:41
  src/app/app/[slug]/pos/page.tsx:58
  src/app/app/[slug]/servicios/page.tsx:23
  src/app/app/[slug]/suscripcion/page.tsx:23
  src/app/reservar/[slug]/page.tsx:78
  src/lib/tenant.ts:68
[33mÔÜá await inside a loop[39m
[90m  react-doctor/async-await-in-loop[39m
  src/actions/pos.ts:246
[33mÔÜá Independent awaits run sequentially ├ù3[39m
[90m  react-doctor/async-parallel[39m
  src/app/app/[slug]/agenda/page.tsx:27
  src/app/app/[slug]/caja/page.tsx:59
  src/app/app/[slug]/dashboard/page.tsx:71
[33mÔÜá React function has high control-flow complexity ├ù14[39m
[90m  react-doctor/no-high-complexity-react-function[39m
  src/app/app/[slug]/caja/page.tsx:10
  src/app/reservar/[slug]/page.tsx:31
  src/components/admin/AdminBarberiasClient.tsx:36
  src/components/agenda/AppointmentDetailModal.tsx:62
  src/components/agenda/WhatsAppReminderModal.tsx:43
  src/components/clients/ClientHistoryModal.tsx:31
  src/components/clients/LoyaltyHistoryModal.tsx:36
  src/components/pos/CloseShiftModal.tsx:20
  src/components/pos/PosTicket.tsx:60
  src/components/pos/PrintableTicket.tsx:51
  src/components/profile/ProfileClient.tsx:38
  src/components/settings/SalonSettingsClient.tsx:27
  src/components/settings/tabs/LoyaltySettingsTab.tsx:31
  src/components/settings/tabs/WhatsAppSettingsTab.tsx:44
[33mÔÜá Field relies on placeholder text for its label ├ù87[39m
[90m  react-doctor/no-placeholder-only-field[39m
  src/app/not-found.tsx:140
  src/components/admin/AdminBarberiasClient.tsx:231
  src/components/admin/AdminPaymentsClient.tsx:159
  src/components/admin/AdminPaymentsClient.tsx:315
  src/components/admin/EditBarberiaModal.tsx:122
  src/components/admin/EditBarberiaModal.tsx:154
  src/components/admin/EditBarberiaModal.tsx:176
  src/components/admin/EditBarberiaModal.tsx:186
  src/components/admin/EditBarberiaModal.tsx:200
  src/components/admin/EditBarberiaModal.tsx:210
  src/components/agenda/NewAppointmentModal.tsx:112
  src/components/agenda/NewAppointmentModal.tsx:129
  src/components/agenda/NewAppointmentModal.tsx:229
  src/components/agenda/WhatsAppReminderModal.tsx:242
  src/components/auth/ForgotPasswordModal.tsx:103
  src/components/auth/LoginForm.tsx:151
  src/components/auth/RegisterForm.tsx:169
  src/components/auth/RegisterForm.tsx:185
  src/components/auth/RegisterForm.tsx:221
  src/components/auth/RegisterForm.tsx:237
  src/components/auth/RegisterForm.tsx:254
  src/components/barbers/BarberFormModal.tsx:125
  src/components/barbers/BarberFormModal.tsx:139
  src/components/barbers/BarberFormModal.tsx:170
  src/components/barbers/BarberFormModal.tsx:200
  src/components/barbers/BarbersClient.tsx:110
  src/components/booking/steps/StepClientDetails.tsx:73
  src/components/booking/steps/StepClientDetails.tsx:85
  src/components/booking/steps/StepClientDetails.tsx:99
  src/components/clients/ClientModal.tsx:109
  src/components/clients/ClientModal.tsx:126
  src/components/clients/ClientModal.tsx:143
  src/components/clients/ClientModal.tsx:157
  src/components/clients/ClientsSearchBar.tsx:22
  src/components/clients/LoyaltyHistoryModal.tsx:224
  src/components/clients/LoyaltyHistoryModal.tsx:234
  src/components/clients/TechnicalSheetModal.tsx:201
  src/components/clients/TechnicalSheetModal.tsx:241
  src/components/inventory/InventoryClient.tsx:257
  src/components/inventory/ProductModal.tsx:161
  src/components/inventory/ProductModal.tsx:179
  src/components/inventory/ProductModal.tsx:195
  src/components/navigation/CommandPalette.tsx:348
  src/components/pos/CashMovementModal.tsx:196
  src/components/pos/CashMovementModal.tsx:254
  src/components/pos/CloseShiftModal.tsx:168
  src/components/pos/OpenShiftModal.tsx:83
  src/components/pos/OpenShiftModal.tsx:102
  src/components/pos/PosCatalog.tsx:119
  src/components/pos/PosCatalog.tsx:169
  src/components/pos/PosTicket.tsx:144
  src/components/pos/PosTicket.tsx:151
  src/components/pos/TicketReceiptModal.tsx:260
  src/components/profile/ProfileClient.tsx:266
  src/components/profile/ProfileClient.tsx:282
  src/components/profile/ProfileClient.tsx:379
  src/components/profile/ProfileClient.tsx:393
  src/components/profile/ProfileClient.tsx:407
  src/components/services/CategoryModal.tsx:84
  src/components/services/ServiceFormModal.tsx:121
  src/components/services/ServiceFormModal.tsx:209
  src/components/services/ServicesClient.tsx:173
  src/components/settings/tabs/BrandingSettingsTab.tsx:108
  src/components/settings/tabs/BrandingSettingsTab.tsx:206
  src/components/settings/tabs/BrandingSettingsTab.tsx:275
  src/components/settings/tabs/GeneralSettingsTab.tsx:73
  src/components/settings/tabs/GeneralSettingsTab.tsx:92
  src/components/settings/tabs/GeneralSettingsTab.tsx:154
  src/components/settings/tabs/GeneralSettingsTab.tsx:169
  src/components/settings/tabs/GeneralSettingsTab.tsx:183
  src/components/settings/tabs/GeneralSettingsTab.tsx:197
  src/components/settings/tabs/LoyaltySettingsTab.tsx:134
  src/components/settings/tabs/LoyaltySettingsTab.tsx:150
  src/components/settings/tabs/LoyaltySettingsTab.tsx:164
  src/components/settings/tabs/LoyaltySettingsTab.tsx:182
  src/components/settings/tabs/LoyaltySettingsTab.tsx:198
  src/components/settings/tabs/LoyaltySettingsTab.tsx:213
  src/components/settings/tabs/LoyaltySettingsTab.tsx:229
  src/components/settings/tabs/WhatsAppSettingsTab.tsx:265
  src/components/settings/tabs/WhatsAppSettingsTab.tsx:282
  src/components/settings/tabs/WhatsAppSettingsTab.tsx:310
  src/components/settings/tabs/WhatsAppSettingsTab.tsx:324
  src/components/settings/tabs/WhatsAppSettingsTab.tsx:350
  src/components/settings/tabs/WhatsAppSettingsTab.tsx:432
  src/components/subscription/SubscriptionClient.tsx:340
  src/components/subscription/SubscriptionClient.tsx:354
  src/components/subscription/SubscriptionClient.tsx:368
[33mÔÜá Large component is hard to read and change ├ù17[39m
[90m  react-doctor/no-giant-component[39m
  src/app/reservar/[slug]/page.tsx:31
  src/components/admin/AdminBarberiasClient.tsx:36
  src/components/admin/AdminPaymentsClient.tsx:30
  src/components/agenda/WhatsAppReminderModal.tsx:43
  src/components/auth/RegisterForm.tsx:27
  src/components/clients/LoyaltyHistoryModal.tsx:36
  src/components/inventory/InventoryClient.tsx:38
  src/components/inventory/ProductModal.tsx:18
  src/components/navigation/CommandPalette.tsx:45
  src/components/pos/PosTicket.tsx:60
  src/components/profile/ProfileClient.tsx:38
  src/components/reports/PrintableReportModal.tsx:16
  src/components/services/ServicesClient.tsx:31
  src/components/settings/SalonSettingsClient.tsx:27
  src/components/settings/tabs/BrandingSettingsTab.tsx:30
  src/components/settings/tabs/WhatsAppSettingsTab.tsx:44
  src/components/subscription/SubscriptionClient.tsx:65
[33mÔÜá transition: all animates everything ├ù12[39m
[90m  react-doctor/no-transition-all[39m
  src/app/reservar/[slug]/page.tsx:274
  src/app/reservar/[slug]/page.tsx:296
  src/app/reservar/[slug]/page.tsx:323
  src/app/reservar/[slug]/page.tsx:342
  src/app/reservar/[slug]/page.tsx:365
  src/app/reservar/[slug]/page.tsx:533
  src/components/clients/ClientsGrid.tsx:158
  src/components/clients/LoyaltyHistoryModal.tsx:189
  src/components/landing/LandingHeader.tsx:11
  src/components/reports/ReportsSalesTab.tsx:79
  src/components/reports/ReportsSalesTab.tsx:86
  src/components/settings/tabs/LoyaltySettingsTab.tsx:72
[33mÔÜá Array index used as a key ├ù10[39m
[90m  react-doctor/no-array-index-as-key[39m
  src/app/reservar/[slug]/page.tsx:343
  src/app/reservar/[slug]/page.tsx:405
  src/app/reservar/[slug]/page.tsx:534
  src/components/barbers/BarbersClient.tsx:193
  src/components/booking/steps/StepBarberSelect.tsx:63
  src/components/landing/FaqSection.tsx:63
  src/components/pos/PosTicket.tsx:253
  src/components/pos/PrintableTicket.tsx:150
  src/components/subscription/SubscriptionClient.tsx:205
  src/components/ui/ConfirmModal.tsx:108
[33mÔÜá State adjusted after a prop changes ├ù47[39m
[90m  react-doctor/no-adjust-state-on-prop-change[39m
  src/components/admin/EditBarberiaModal.tsx:36
  src/components/admin/EditBarberiaModal.tsx:37
  src/components/agenda/WhatsAppReminderModal.tsx:90
  src/components/barbers/BarberFormModal.tsx:43
  src/components/barbers/BarberFormModal.tsx:44
  src/components/barbers/BarberFormModal.tsx:45
  src/components/barbers/BarberFormModal.tsx:46
  src/components/barbers/BarberFormModal.tsx:47
  src/components/barbers/BarberFormModal.tsx:48
  src/components/barbers/BarberFormModal.tsx:49
  src/components/barbers/BarberFormModal.tsx:51
  src/components/barbers/BarberScheduleModal.tsx:67
  src/components/barbers/BarberScheduleModal.tsx:68
  src/components/barbers/BarberScheduleModal.tsx:69
  src/components/clients/ClientModal.tsx:37
  src/components/clients/ClientModal.tsx:38
  src/components/clients/ClientModal.tsx:39
  src/components/clients/ClientModal.tsx:40
  src/components/clients/ClientModal.tsx:42
  src/components/clients/LoyaltyHistoryModal.tsx:56
  src/components/clients/LoyaltyHistoryModal.tsx:57
  src/components/clients/LoyaltyHistoryModal.tsx:58
  src/components/clients/LoyaltyHistoryModal.tsx:59
  src/components/clients/TechnicalSheetModal.tsx:75
  src/components/clients/TechnicalSheetModal.tsx:76
  src/components/clients/TechnicalSheetModal.tsx:77
  src/components/clients/TechnicalSheetModal.tsx:78
  src/components/clients/TechnicalSheetModal.tsx:79
  src/components/clients/TechnicalSheetModal.tsx:80
  src/components/clients/TechnicalSheetModal.tsx:82
  src/components/clients/TechnicalSheetModal.tsx:83
  src/components/inventory/ProductModal.tsx:49
  src/components/inventory/ProductModal.tsx:50
  src/components/inventory/ProductModal.tsx:51
  src/components/inventory/ProductModal.tsx:52
  src/components/inventory/ProductModal.tsx:53
  src/components/inventory/ProductModal.tsx:54
  src/components/inventory/ProductModal.tsx:55
  src/components/inventory/ProductModal.tsx:56
  src/components/inventory/ProductModal.tsx:58
  src/components/services/ServiceFormModal.tsx:45
  src/components/services/ServiceFormModal.tsx:47
  src/components/services/ServiceFormModal.tsx:48
  src/components/services/ServiceFormModal.tsx:49
  src/components/services/ServiceFormModal.tsx:50
  src/components/services/ServiceFormModal.tsx:51
  src/components/services/ServiceFormModal.tsx:53
[33mÔÜá Loading flag reset outside finally ├ù22[39m
[90m  react-doctor/no-loading-flag-reset-outside-finally[39m
  src/components/admin/EditBarberiaModal.tsx:70
  src/components/agenda/AppointmentDetailModal.tsx:105
  src/components/agenda/NewAppointmentModal.tsx:64
  src/components/auth/ForgotPasswordModal.tsx:31
  src/components/auth/LoginForm.tsx:69
  src/components/auth/RegisterForm.tsx:89
  src/components/barbers/BarberFormModal.tsx:83
  src/components/barbers/BarberScheduleModal.tsx:107
  src/components/clients/ClientHistoryModal.tsx:56
  src/components/clients/ClientModal.tsx:66
  src/components/clients/ClientsClient.tsx:120
  src/components/clients/LoyaltyHistoryModal.tsx:72
  src/components/clients/TechnicalSheetModal.tsx:110
  src/components/inventory/InventoryClient.tsx:124
  src/components/inventory/ProductModal.tsx:111
  src/components/pos/CloseShiftModal.tsx:59
  src/components/pos/OpenShiftModal.tsx:43
  src/components/pos/usePosState.ts:266
  src/components/services/CategoryModal.tsx:42
  src/components/services/ServiceFormModal.tsx:80
  src/components/services/ServicesClient.tsx:93
  src/components/subscription/SubscriptionClient.tsx:122
[33mÔÜá Control missing accessible label ├ù65[39m
[90m  react-doctor/control-has-associated-label[39m
  src/components/admin/EditBarberiaModal.tsx:95
  src/components/agenda/AgendaHeader.tsx:67
  src/components/agenda/AppointmentDetailModal.tsx:131
  src/components/agenda/NewAppointmentModal.tsx:89
  src/components/agenda/NewAppointmentModal.tsx:147
  src/components/agenda/NewAppointmentModal.tsx:165
  src/components/agenda/NewAppointmentModal.tsx:186
  src/components/agenda/NewAppointmentModal.tsx:199
  src/components/agenda/NewAppointmentModal.tsx:212
  src/components/agenda/WhatsAppReminderModal.tsx:180
  src/components/auth/ForgotPasswordModal.tsx:50
  src/components/barbers/BarberFormModal.tsx:105
  src/components/barbers/BarberFormModal.tsx:154
  src/components/barbers/BarberFormModal.tsx:183
  src/components/barbers/BarberScheduleModal.tsx:127
  src/components/barbers/BarberScheduleModal.tsx:173
  src/components/barbers/BarberScheduleModal.tsx:180
  src/components/barbers/BarberScheduleModal.tsx:190
  src/components/barbers/BarberScheduleModal.tsx:197
  src/components/booking/steps/StepDateTimeSelect.tsx:76
  src/components/clients/ClientHistoryModal.tsx:104
  src/components/clients/ClientModal.tsx:88
  src/components/clients/LoyaltyHistoryModal.tsx:132
  src/components/clients/TechnicalSheetModal.tsx:135
  src/components/clients/TechnicalSheetModal.tsx:258
  src/components/inventory/ProductModal.tsx:139
  src/components/inventory/ProductModal.tsx:216
  src/components/inventory/ProductModal.tsx:236
  src/components/inventory/ProductModal.tsx:270
  src/components/inventory/ProductModal.tsx:284
  src/components/landing/RoiCalculator.tsx:56
  src/components/landing/RoiCalculator.tsx:79
  src/components/landing/RoiCalculator.tsx:102
  src/components/navigation/CommandPalette.tsx:360
  src/components/pos/CashMovementModal.tsx:141
  src/components/pos/CashMovementModal.tsx:214
  src/components/pos/CashMovementModal.tsx:233
  src/components/pos/CloseShiftModal.tsx:79
  src/components/pos/CloseShiftModal.tsx:126
  src/components/pos/OpenShiftModal.tsx:64
  src/components/pos/PosTicket.tsx:160
  src/components/pos/PosTicket.tsx:277
  src/components/pos/PosTicket.tsx:285
  src/components/pos/PosTicket.tsx:298
  src/components/pos/PosTicket.tsx:311
  src/components/pos/PosTicket.tsx:364
  src/components/pos/PosTicket.tsx:376
  src/components/pos/TicketReceiptModal.tsx:189
  src/components/profile/ProfileClient.tsx:298
  src/components/profile/ProfileClient.tsx:313
  src/components/reports/ReportsHeader.tsx:286
  src/components/reports/ReportsHeader.tsx:293
  src/components/services/CategoryModal.tsx:68
  src/components/services/ServiceFormModal.tsx:102
  src/components/services/ServiceFormModal.tsx:136
  src/components/services/ServiceFormModal.tsx:154
  src/components/services/ServiceFormModal.tsx:171
  src/components/services/ServiceFormModal.tsx:193
  src/components/settings/tabs/BrandingSettingsTab.tsx:252
  src/components/settings/tabs/BrandingSettingsTab.tsx:259
  src/components/settings/tabs/GeneralSettingsTab.tsx:221
  src/components/settings/tabs/GeneralSettingsTab.tsx:234
  src/components/subscription/SubscriptionClient.tsx:292
  src/components/subscription/SubscriptionClient.tsx:307
  src/components/subscription/SubscriptionClient.tsx:323
[33mÔÜá Label missing associated control ├ù108[39m
[90m  react-doctor/label-has-associated-control[39m
  src/components/admin/EditBarberiaModal.tsx:119
  src/components/admin/EditBarberiaModal.tsx:136
  src/components/admin/EditBarberiaModal.tsx:175
  src/components/admin/EditBarberiaModal.tsx:185
  src/components/admin/EditBarberiaModal.tsx:199
  src/components/admin/EditBarberiaModal.tsx:209
  src/components/agenda/NewAppointmentModal.tsx:107
  src/components/agenda/NewAppointmentModal.tsx:124
  src/components/agenda/NewAppointmentModal.tsx:144
  src/components/agenda/NewAppointmentModal.tsx:162
  src/components/agenda/NewAppointmentModal.tsx:183
  src/components/agenda/NewAppointmentModal.tsx:196
  src/components/agenda/NewAppointmentModal.tsx:209
  src/components/agenda/NewAppointmentModal.tsx:226
  src/components/agenda/WhatsAppReminderModal.tsx:193
  src/components/agenda/WhatsAppReminderModal.tsx:229
  src/components/agenda/WhatsAppReminderModal.tsx:256
  src/components/auth/ForgotPasswordModal.tsx:98
  src/components/auth/LoginForm.tsx:146
  src/components/auth/LoginForm.tsx:165
  src/components/auth/RegisterForm.tsx:164
  src/components/auth/RegisterForm.tsx:180
  src/components/auth/RegisterForm.tsx:216
  src/components/auth/RegisterForm.tsx:232
  src/components/auth/RegisterForm.tsx:249
  src/components/auth/RegisterForm.tsx:267
  src/components/barbers/BarberFormModal.tsx:122
  src/components/barbers/BarberFormModal.tsx:136
  src/components/barbers/BarberFormModal.tsx:151
  src/components/barbers/BarberFormModal.tsx:167
  src/components/barbers/BarberFormModal.tsx:180
  src/components/barbers/BarberFormModal.tsx:197
  src/components/booking/steps/StepClientDetails.tsx:72
  src/components/booking/steps/StepClientDetails.tsx:84
  src/components/booking/steps/StepClientDetails.tsx:96
  src/components/clients/ClientModal.tsx:104
  src/components/clients/ClientModal.tsx:121
  src/components/clients/ClientModal.tsx:138
  src/components/clients/ClientModal.tsx:154
  src/components/clients/TechnicalSheetModal.tsx:152
  src/components/clients/TechnicalSheetModal.tsx:175
  src/components/clients/TechnicalSheetModal.tsx:198
  src/components/clients/TechnicalSheetModal.tsx:212
  src/components/clients/TechnicalSheetModal.tsx:237
  src/components/clients/TechnicalSheetModal.tsx:254
  src/components/inventory/ProductModal.tsx:158
  src/components/inventory/ProductModal.tsx:174
  src/components/inventory/ProductModal.tsx:190
  src/components/inventory/ProductModal.tsx:209
  src/components/inventory/ProductModal.tsx:229
  src/components/inventory/ProductModal.tsx:267
  src/components/inventory/ProductModal.tsx:281
  src/components/pos/CashMovementModal.tsx:189
  src/components/pos/CashMovementModal.tsx:211
  src/components/pos/CashMovementModal.tsx:230
  src/components/pos/CashMovementModal.tsx:251
  src/components/pos/CloseShiftModal.tsx:123
  src/components/pos/CloseShiftModal.tsx:165
  src/components/pos/OpenShiftModal.tsx:80
  src/components/pos/OpenShiftModal.tsx:99
  src/components/pos/PosTicket.tsx:363
  src/components/pos/PosTicket.tsx:375
  src/components/pos/TicketReceiptModal.tsx:257
  src/components/profile/ProfileClient.tsx:230
  src/components/profile/ProfileClient.tsx:263
  src/components/profile/ProfileClient.tsx:277
  src/components/profile/ProfileClient.tsx:293
  src/components/profile/ProfileClient.tsx:308
  src/components/profile/ProfileClient.tsx:376
  src/components/profile/ProfileClient.tsx:390
  src/components/profile/ProfileClient.tsx:404
  src/components/services/ServiceFormModal.tsx:118
  src/components/services/ServiceFormModal.tsx:133
  src/components/services/ServiceFormModal.tsx:151
  src/components/services/ServiceFormModal.tsx:168
  src/components/services/ServiceFormModal.tsx:190
  src/components/services/ServiceFormModal.tsx:206
  src/components/settings/tabs/BrandingSettingsTab.tsx:60
  src/components/settings/tabs/BrandingSettingsTab.tsx:127
  src/components/settings/tabs/BrandingSettingsTab.tsx:219
  src/components/settings/tabs/BrandingSettingsTab.tsx:272
  src/components/settings/tabs/GeneralSettingsTab.tsx:70
  src/components/settings/tabs/GeneralSettingsTab.tsx:85
  src/components/settings/tabs/GeneralSettingsTab.tsx:150
  src/components/settings/tabs/GeneralSettingsTab.tsx:165
  src/components/settings/tabs/GeneralSettingsTab.tsx:180
  src/components/settings/tabs/GeneralSettingsTab.tsx:194
  src/components/settings/tabs/GeneralSettingsTab.tsx:218
  src/components/settings/tabs/GeneralSettingsTab.tsx:231
  src/components/settings/tabs/LoyaltySettingsTab.tsx:83
  src/components/settings/tabs/LoyaltySettingsTab.tsx:131
  src/components/settings/tabs/LoyaltySettingsTab.tsx:147
  src/components/settings/tabs/LoyaltySettingsTab.tsx:161
  src/components/settings/tabs/LoyaltySettingsTab.tsx:179
  src/components/settings/tabs/LoyaltySettingsTab.tsx:195
  src/components/settings/tabs/LoyaltySettingsTab.tsx:210
  src/components/settings/tabs/LoyaltySettingsTab.tsx:226
  src/components/settings/tabs/WhatsAppSettingsTab.tsx:168
  src/components/settings/tabs/WhatsAppSettingsTab.tsx:262
  src/components/settings/tabs/WhatsAppSettingsTab.tsx:279
  src/components/settings/tabs/WhatsAppSettingsTab.tsx:307
  src/components/settings/tabs/WhatsAppSettingsTab.tsx:321
  src/components/subscription/SubscriptionClient.tsx:289
  src/components/subscription/SubscriptionClient.tsx:304
  src/components/subscription/SubscriptionClient.tsx:320
  src/components/subscription/SubscriptionClient.tsx:337
  src/components/subscription/SubscriptionClient.tsx:351
  src/components/subscription/SubscriptionClient.tsx:365
[33mÔÜá Click handler missing keyboard handler ├ù8[39m
[90m  react-doctor/click-events-have-key-events[39m
  src/components/agenda/AgendaChairsView.tsx:88
  src/components/agenda/AgendaListView.tsx:41
  src/components/booking/steps/StepBarberSelect.tsx:33
  src/components/booking/steps/StepServiceSelect.tsx:32
  src/components/clients/ClientsGrid.tsx:133
  src/components/navigation/CommandPalette.tsx:395
  src/components/navigation/TenantSidebar.tsx:255
  src/components/reports/ReportsHeader.tsx:108
[33mÔÜá Interaction on static element ├ù11[39m
[90m  react-doctor/no-static-element-interactions[39m
  src/components/agenda/AgendaChairsView.tsx:88
  src/components/agenda/AgendaListView.tsx:41
  src/components/booking/steps/StepBarberSelect.tsx:33
  src/components/booking/steps/StepServiceSelect.tsx:32
  src/components/clients/ClientsGrid.tsx:133
  src/components/navigation/CommandPalette.tsx:336
  src/components/navigation/CommandPalette.tsx:340
  src/components/navigation/CommandPalette.tsx:395
  src/components/navigation/TenantSidebar.tsx:255
  src/components/reports/ReportsHeader.tsx:108
  src/components/subscription/SubscriptionClient.tsx:178
[33mÔÜá Locale/timezone formatting during render ├ù12[39m
[90m  react-doctor/no-locale-format-in-render[39m
  src/components/agenda/AgendaClient.tsx:52
  src/components/agenda/AppointmentDetailModal.tsx:74
  src/components/agenda/AppointmentDetailModal.tsx:78
  src/components/agenda/AppointmentDetailModal.tsx:83
  src/components/agenda/WhatsAppReminderModal.tsx:265
  src/components/clients/LoyaltyHistoryModal.tsx:291
  src/components/dashboard/AppointmentsTimeline.tsx:96
  src/components/dashboard/FloorRadar.tsx:137
  src/components/dashboard/FloorRadar.tsx:155
  src/components/pos/CajaClient.tsx:156
  src/components/reports/PrintableReportModal.tsx:106
  src/components/reports/PrintableReportModal.tsx:111
[33mÔÜá In-place array mutation on a prop or hook result[39m
[90m  react-doctor/no-mutating-array-method-on-prop-or-hook-result[39m
  src/components/agenda/AgendaListView.tsx:27
[33mÔÜá State only used in handlers[39m
[90m  react-doctor/rerender-state-only-in-handlers[39m
  src/components/agenda/NewAppointmentModal.tsx:31
[33mÔÜá Missing effect dependencies ├ù4[39m
[90m  react-doctor/exhaustive-deps[39m
  src/components/agenda/WhatsAppReminderModal.tsx:91
  src/components/booking/BookingWizard.tsx:90
  src/components/clients/LoyaltyHistoryModal.tsx:61
  src/components/pos/usePosState.ts:83
[33mÔÜá Time or random value in JSX ├ù3[39m
[90m  react-doctor/rendering-hydration-mismatch-time[39m
  src/components/agenda/WhatsAppReminderModal.tsx:265
  src/components/reports/PrintableReportModal.tsx:106
  src/components/reports/PrintableReportModal.tsx:111
[33mÔÜá Duplicated JSX structure ├ù10[39m
[90m  react-doctor/duplicate-jsx-subtree[39m
  src/components/auth/AuthShowcase.tsx:16
  src/components/auth/AuthShowcase.tsx:44
  src/components/auth/AuthShowcase.tsx:135
  src/components/auth/LoginForm.tsx:89
  src/components/auth/LoginForm.tsx:113
  src/components/auth/LoginForm.tsx:216
  src/components/barbers/BarbersClient.tsx:83
  src/components/barbers/BarbersClient.tsx:206
  src/components/booking/steps/StepBarberSelect.tsx:79
  src/components/pos/caja/PastShiftsTable.tsx:22
[33mÔÜá State update after await in an effect[39m
[90m  react-doctor/no-set-state-after-await-in-effect[39m
  src/components/clients/LoyaltyHistoryModal.tsx:53
[33mÔÜá Effect re-subscribes on a changing callback ├ù2[39m
[90m  react-doctor/prefer-use-effect-event[39m
  src/components/inventory/ProductModal.tsx:71
  src/components/ui/ConfirmModal.tsx:48
[33mÔÜá Empty default prop breaks memo ├ù3[39m
[90m  react-doctor/rerender-memo-with-default-value[39m
  src/components/pos/CajaClient.tsx:44
  src/components/pos/CajaClient.tsx:45
  src/components/pos/PosClient.tsx:56
[33mÔÜá Side effect inside a state updater function[39m
[90m  react-doctor/no-side-effect-in-state-updater-function[39m
  src/components/pos/usePosState.ts:226
[33mÔÜá Live state pushed to parent via effect[39m
[90m  react-doctor/no-pass-live-state-to-parent[39m
  src/components/reports/ReportsClient.tsx:110
[33mÔÜá Prop derived into useState ├ù4[39m
[90m  react-doctor/no-derived-useState[39m
  src/components/settings/SalonSettingsClient.tsx:31
  src/components/settings/SalonSettingsClient.tsx:32
  src/components/settings/SalonSettingsClient.tsx:37
  src/components/settings/SalonSettingsClient.tsx:38

[2m  ÔöÇÔöÇÔöÇÔöÇÔöÇÔöÇÔöÇÔöÇÔöÇÔöÇÔöÇÔöÇÔöÇÔöÇÔöÇÔöÇÔöÇÔöÇÔöÇÔöÇÔöÇÔöÇÔöÇÔöÇÔöÇÔöÇÔöÇÔöÇÔöÇÔöÇÔöÇÔöÇÔöÇÔöÇÔöÇÔöÇÔöÇÔöÇÔöÇÔöÇÔöÇÔöÇÔöÇÔöÇÔöÇÔöÇÔöÇÔöÇÔöÇÔöÇÔöÇÔöÇÔöÇÔöÇÔöÇÔöÇÔöÇÔöÇÔöÇÔöÇ[22m

  [1mShare:[22m [36mhttps://react.doctor/share?p=barber-saas&s=32&e=24&w=480&f=87[39m
[2m  Tell others how you did on socials[22m

  [1mDocs:[22m [36mhttps://react.doctor/docs[39m
[2m  Learn more about fixing issues, setting up CI/CD, and[22m
[2m  configuring rules with a config file[22m

  [1mGitHub:[22m [36mhttps://github.com/millionco/react-doctor[39m
[2m  Report issues and star the repository![22m

